<?xml version="1.0" encoding="UTF-8"?>
<testsuites name="jest tests" tests="1" failures="0" errors="0" time="3.216">
  <testsuite name="undefined" errors="0" failures="0" skipped="0" timestamp="2024-11-22T12:12:58" time="1.133" tests="1">
    <testcase classname=" adds 1 + 2 to equal 3" name=" adds 1 + 2 to equal 3" time="0.007">
    </testcase>
  </testsuite>
</testsuites>